
> chennaihousing.in@0.1.0 build
> next build

▲ Next.js 16.2.1 (Turbopack)
- Environments: .env.local

  Creating an optimized production build ...
✓ Compiled successfully in 7.8s
  Running TypeScript ...
  Finished TypeScript in 9.2s ...
  Collecting page data using 11 workers ...
  Generating static pages using 11 workers (0/15) ...
  Generating static pages using 11 workers (3/15) 
  Generating static pages using 11 workers (7/15) 
  Generating static pages using 11 workers (11/15) 
✓ Generating static pages using 11 workers (15/15) in 1305ms
  Finalizing page optimization ...

Route (app)
┌ ○ /
├ ○ /_not-found
├ ○ /about
├ ○ /admin
├ ○ /admin/feedback
├ ○ /admin/leads
├ ○ /admin/login
├ ○ /admin/media
├ ○ /admin/projects
├ ○ /admin/settings
├ ○ /book-visit
├ ○ /contact
├ ○ /projects
└ ƒ /projects/[slug]


○  (Static)   prerendered as static content
ƒ  (Dynamic)  server-rendered on demand

